??Next.js 16.2.2 (Turbopack)

  Creating an optimized production build ...
Error: Cannot apply unknown utility class `bg-white/40`. Are you using CSS modules or similar and missing `@reference`? https://tailwindcss.com/docs/functions-and-directives#reference-directive
    [at onInvalidCandidate (D:\GeminiUniverse\Antigravity\spring-portfolio\node_modules\tailwindcss\dist\lib.js:21:1314)]
    [at Ee (D:\GeminiUniverse\Antigravity\spring-portfolio\node_modules\tailwindcss\dist\lib.js:16:37066)]
    [at D:\GeminiUniverse\Antigravity\spring-portfolio\node_modules\tailwindcss\dist\lib.js:21:355]
    [at _r (D:\GeminiUniverse\Antigravity\spring-portfolio\node_modules\tailwindcss\dist\lib.js:3:1733)]
    [at I (D:\GeminiUniverse\Antigravity\spring-portfolio\node_modules\tailwindcss\dist\lib.js:3:1377)]
    [at Te (D:\GeminiUniverse\Antigravity\spring-portfolio\node_modules\tailwindcss\dist\lib.js:21:172)]
    [at mn (D:\GeminiUniverse\Antigravity\spring-portfolio\node_modules\tailwindcss\dist\lib.js:38:294)]
    [at process.processTicksAndRejections (node:internal/process/task_queues:104:5)]
    [at async gn (D:\GeminiUniverse\Antigravity\spring-portfolio\node_modules\tailwindcss\dist\lib.js:38:631)]
    [at async Xr (D:\GeminiUniverse\Antigravity\spring-portfolio\node_modules\@tailwindcss\node\dist\index.js:10:3416)]

> Build error occurred
Error: Turbopack build failed with 1 errors:
./src/app/globals.css
Error evaluating Node.js code
CssSyntaxError: tailwindcss: D:\GeminiUniverse\Antigravity\spring-portfolio\src\app\globals.css:1:1: Cannot apply unknown utility class `bg-white/40`. Are you using CSS modules or similar and missing `@reference`? https://tailwindcss.com/docs/functions-and-directives#reference-directive
    at Input.error (node_modules/postcss/lib/input.js:135:16) [D:\GeminiUniverse\Antigravity\spring-portfolio\.next\build\chunks\node_modules_13sb.px._.js:4651:22]
    at error (node_modules/postcss/lib/node.js:146:32) [D:\GeminiUniverse\Antigravity\spring-portfolio\.next\build\chunks\node_modules_13sb.px._.js:928:38]
    [at Object.Once (D:\GeminiUniverse\Antigravity\spring-portfolio\node_modules\@tailwindcss\postcss\dist\index.js:10:6913)]
    [at process.processTicksAndRejections (node:internal/process/task_queues:104:5)]
    at async LazyResult.runAsync (node_modules/postcss/lib/lazy-result.js:293:11) [D:\GeminiUniverse\Antigravity\spring-portfolio\.next\build\chunks\node_modules_13sb.px._.js:6214:21]
    at async transform (turbopack:///[turbopack-node]/transforms/postcss.ts:70:34) [D:\GeminiUniverse\Antigravity\spring-portfolio\.next\build\chunks\[root-of-the-server]__0d-m0h0._.js:146:36]
    at async run (turbopack:///[turbopack-node]/child_process/evaluate.ts:89:23) [D:\GeminiUniverse\Antigravity\spring-portfolio\.next\build\chunks\[root-of-the-server]__0ubbtyl._.js:443:31]

Import trace:
  Client Component Browser:
    ./src/app/globals.css [Client Component Browser]
    ./src/app/layout.tsx [Server Component]


    at async transform (turbopack:///[turbopack-node]/transforms/postcss.ts:70:34) [D:\GeminiUniverse\Antigravity\spring-portfolio\.next\build\chunks\[root-of-the-server]__0d-m0h0._.js:146:36])
    at async run (turbopack:///[turbopack-node]/child_process/evaluate.ts:89:23) [D:\GeminiUniverse\Antigravity\spring-portfolio\.next\build\chunks\[root-of-the-server]__0ubbtyl._.js:443:31])
